// Jest Snapshot v1, https://goo.gl/fbAQLP

exports[`RangeInput renders selected value displayed in a div 1`] = `"<div class=\\"value\\">$12</div>"`;
