// Jest Snapshot v1, https://goo.gl/fbAQLP

exports[`Button renders correctly 1`] = `
<button
  className="btn success"
  disabled={false}
  onClick={[Function]}
  type="button"
>
  Submit
</button>
`;
