// Jest Snapshot v1, https://goo.gl/fbAQLP

exports[`FilterWrapper renders correctly 1`] = `
<div
  className="col-sx-12 col-md-4 col-lg-3"
>
  <div
    className="filter p-50"
  >
    <strong>
      Minimal spend
      :
    </strong>
    <span>
      test
    </span>
  </div>
</div>
`;
